// Jest Snapshot v1, https://goo.gl/fbAQLP

exports[`<LogoLink /> should render snapshot 1`] = `
.c1 {
  -webkit-text-decoration: none;
  text-decoration: none;
  color: inherit;
  -webkit-align-items: center;
  -webkit-box-align: center;
  -ms-flex-align: center;
  align-items: center;
}

.c1 > img {
  max-height: 4rem;
}

.c0 {
  color: #0A1128;
  font-size: 2.4rem;
  text-transform: uppercase;
}

<h1
  class="c0"
>
  <a
    class="c1"
    href="#target"
  >
    Ola Mundo
  </a>
</h1>
`;
